
> frontend@0.1.0 build
> react-scripts build

Creating an optimized production build...
Compiled with warnings.

[eslint] 
src\components\AuditLogs.js
  Line 19:8:  React Hook useEffect has a missing dependency: 'fetchLogs'. Either include it or remove the dependency array  react-hooks/exhaustive-deps

src\components\DailyCollection.js
  Line 52:8:  React Hook useEffect has missing dependencies: 'fetchMachines' and 'fetchUsers'. Either include them or remove the dependency array  react-hooks/exhaustive-deps

src\components\Dashboard.js
  Line 49:6:  React Hook useEffect has missing dependencies: 'fetchFuels', 'fetchStats', 'fetchTransactionStats', and 'fetchTransactions'. Either include them or remove the dependency array  react-hooks/exhaustive-deps

src\components\Fuels.js
  Line 39:6:  React Hook useEffect has a missing dependency: 'fetchData'. Either include it or remove the dependency array  react-hooks/exhaustive-deps

src\components\Machines.js
  Line 14:12:  'selectedOrg' is assigned a value but never used                                                              no-unused-vars
  Line 32:8:   React Hook useEffect has a missing dependency: 'fetchData'. Either include it or remove the dependency array  react-hooks/exhaustive-deps

src\components\Organizations.js
  Line 30:6:  React Hook useEffect has a missing dependency: 'fetchOrganizations'. Either include it or remove the dependency array  react-hooks/exhaustive-deps

src\components\Transactions.js
  Line 223:6:   React Hook useEffect has a missing dependency: 'fetchData'. Either include it or remove the dependency array                                react-hooks/exhaustive-deps
  Line 228:6:   React Hook useEffect has missing dependencies: 'fetchData' and 'fetchTransactionStats'. Either include them or remove the dependency array  react-hooks/exhaustive-deps
  Line 449:13:  'response' is assigned a value but never used                                                                                               no-unused-vars
  Line 463:15:  'response' is assigned a value but never used                                                                                               no-unused-vars
  Line 478:15:  'response' is assigned a value but never used                                                                                               no-unused-vars

src\components\Users.js
  Line 41:6:  React Hook useEffect has a missing dependency: 'fetchData'. Either include it or remove the dependency array  react-hooks/exhaustive-deps

Search for the keywords to learn more about each warning.
To ignore, add // eslint-disable-next-line to the line before.

File sizes after gzip:

  93.91 kB  build\static\js\main.d9857d8f.js
  6.13 kB   build\static\css\main.9011ba4b.css
  1.76 kB   build\static\js\453.20359781.chunk.js

The project was built assuming it is hosted at /.
You can control this with the homepage field in your package.json.

The build folder is ready to be deployed.
You may serve it with a static server:

  npm install -g serve
  serve -s build

Find out more about deployment here:

  https://cra.link/deployment

